<?xml version="1.0" encoding="UTF-8"?>
<testsuites name="jest tests" tests="7" failures="0" time="33.226">
  <testsuite name="icon" errors="0" failures="0" skipped="0" timestamp="2019-05-04T08:23:41" time="18.616" tests="2">
    <testcase classname="icon render" name="icon render" time="0.016">
    </testcase>
    <testcase classname="icon onClick" name="icon onClick" time="0.037">
    </testcase>
  </testsuite>
  <testsuite name="classnames" errors="0" failures="0" skipped="0" timestamp="2019-05-04T08:23:59" time="0.763" tests="5">
    <testcase classname="classnames 接收1个classname" name="classnames 接收1个classname" time="0.002">
    </testcase>
    <testcase classname="classnames 接收2个classname" name="classnames 接收2个classname" time="0.001">
    </testcase>
    <testcase classname="classnames 接收undefined，结果不会出现undefined" name="classnames 接收undefined，结果不会出现undefined" time="0">
    </testcase>
    <testcase classname="classnames 接收不合法的值" name="classnames 接收不合法的值" time="0">
    </testcase>
    <testcase classname="classnames 接收0个参数" name="classnames 接收0个参数" time="0">
    </testcase>
  </testsuite>
</testsuites>